background = #040b1a
foreground = #efe6df
cursor-color = #efe6df
cursor-text = #040b1a
selection-background = #202630
selection-foreground = #efe6df
palette = 0=#040b1a
palette = 1=#8e757a
palette = 2=#697f72
palette = 3=#837b66
palette = 4=#6e7c93
palette = 5=#8e6f8d
palette = 6=#6c7f83
palette = 7=#d4ccc5
palette = 8=#546073
palette = 9=#89777c
palette = 10=#6c8076
palette = 11=#817b69
palette = 12=#6c7c8d
palette = 13=#8c738c
palette = 14=#6c7c80
palette = 15=#efe6df
