background = #070707
foreground = #e8e8e8
cursor-color = #e8e8e8
cursor-text = #070707
selection-background = #8cafe7
selection-foreground = #e8e8e8
palette = 0=#070707
palette = 1=#dc655f
palette = 2=#4aa651
palette = 3=#b38900
palette = 4=#568de9
palette = 5=#bc6cc1
palette = 6=#00aaab
palette = 7=#cecece
palette = 8=#5d5d5d
palette = 9=#ff8b83
palette = 10=#71cd76
palette = 11=#daaf41
palette = 12=#7ab3ff
palette = 13=#e491e9
palette = 14=#4bd1d1
palette = 15=#e8e8e8
